[{"Error":[{"Code":["AWS.InvalidParameterValue"],"Message":["B006WZMTGU is not a valid value for ItemId. Please change this value and retry your request."]}]}]
[{"Error":[{"Code":["AWS.InvalidParameterValue"],"Message":["B004VLI006 is not a valid value for ItemId. Please change this value and retry your request."]}]}]
